../../Core/Inc/pcb_sensor_layout.h:17:19:pcb_sensor_index	16	static
../../Core/Inc/pcb_sensor_layout.h:28:24:pcb_sensor_next_pin	16	static
/home/arhan/Soccer/STM32/Core/Src/main.c:90:13:select_multiplexer1	8	static
/home/arhan/Soccer/STM32/Core/Src/main.c:97:13:select_multiplexer2	8	static
/home/arhan/Soccer/STM32/Core/Src/main.c:104:13:service_kick_cooldown	8	static
/home/arhan/Soccer/STM32/Core/Src/main.c:117:6:HAL_I2C_ListenCpltCallback	16	static
/home/arhan/Soccer/STM32/Core/Src/main.c:123:6:HAL_I2C_AddrCallback	32	static,ignoring_inline_asm
/home/arhan/Soccer/STM32/Core/Src/main.c:138:6:HAL_I2C_SlaveRxCpltCallback	16	static
/home/arhan/Soccer/STM32/Core/Src/main.c:153:6:HAL_ADC_ConvCpltCallback	40	static,ignoring_inline_asm
/home/arhan/Soccer/STM32/Core/Src/main.c:185:5:main	16	static
/home/arhan/Soccer/STM32/Core/Src/main.c:268:6:SystemClock_Config	88	static
/home/arhan/Soccer/STM32/Core/Src/main.c:312:13:MX_ADC1_Init	24	static
/home/arhan/Soccer/STM32/Core/Src/main.c:359:13:MX_ADC2_Init	24	static
/home/arhan/Soccer/STM32/Core/Src/main.c:406:13:MX_I2C2_Init	8	static
/home/arhan/Soccer/STM32/Core/Src/main.c:440:13:MX_TIM1_Init	96	static
/home/arhan/Soccer/STM32/Core/Src/main.c:519:13:MX_TIM2_Init	32	static
/home/arhan/Soccer/STM32/Core/Src/main.c:564:13:MX_TIM4_Init	48	static
/home/arhan/Soccer/STM32/Core/Src/main.c:613:13:MX_GPIO_Init	48	static
/home/arhan/Soccer/STM32/Core/Src/main.c:691:6:Error_Handler	4	static,ignoring_inline_asm
