/home/arhan/Soccer/STM32/Core/Src/main.c:89:13:service_kick_cooldown	5
/home/arhan/Soccer/STM32/Core/Src/main.c:102:6:HAL_I2C_ListenCpltCallback	2
/home/arhan/Soccer/STM32/Core/Src/main.c:108:6:HAL_I2C_AddrCallback	3
/home/arhan/Soccer/STM32/Core/Src/main.c:123:6:HAL_I2C_SlaveRxCpltCallback	5
/home/arhan/Soccer/STM32/Core/Src/main.c:138:6:HAL_ADC_ConvCpltCallback	15
/home/arhan/Soccer/STM32/Core/Src/main.c:210:5:main	9
/home/arhan/Soccer/STM32/Core/Src/main.c:291:6:SystemClock_Config	4
/home/arhan/Soccer/STM32/Core/Src/main.c:335:13:MX_ADC1_Init	3
/home/arhan/Soccer/STM32/Core/Src/main.c:382:13:MX_ADC2_Init	3
/home/arhan/Soccer/STM32/Core/Src/main.c:429:13:MX_I2C2_Init	2
/home/arhan/Soccer/STM32/Core/Src/main.c:463:13:MX_TIM1_Init	8
/home/arhan/Soccer/STM32/Core/Src/main.c:542:13:MX_TIM2_Init	4
/home/arhan/Soccer/STM32/Core/Src/main.c:587:13:MX_TIM4_Init	4
/home/arhan/Soccer/STM32/Core/Src/main.c:636:13:MX_GPIO_Init	1
/home/arhan/Soccer/STM32/Core/Src/main.c:714:6:Error_Handler	1
