../../Core/Inc/pcb_sensor_layout.h:17:19:pcb_sensor_index	8
../../Core/Inc/pcb_sensor_layout.h:28:24:pcb_sensor_next_pin	5
/home/arhan/Soccer/STM32/Core/Src/main.c:90:13:select_multiplexer1	1
/home/arhan/Soccer/STM32/Core/Src/main.c:97:13:select_multiplexer2	1
/home/arhan/Soccer/STM32/Core/Src/main.c:104:13:service_kick_cooldown	5
/home/arhan/Soccer/STM32/Core/Src/main.c:117:6:HAL_I2C_ListenCpltCallback	2
/home/arhan/Soccer/STM32/Core/Src/main.c:123:6:HAL_I2C_AddrCallback	3
/home/arhan/Soccer/STM32/Core/Src/main.c:138:6:HAL_I2C_SlaveRxCpltCallback	5
/home/arhan/Soccer/STM32/Core/Src/main.c:153:6:HAL_ADC_ConvCpltCallback	7
/home/arhan/Soccer/STM32/Core/Src/main.c:185:5:main	9
/home/arhan/Soccer/STM32/Core/Src/main.c:268:6:SystemClock_Config	4
/home/arhan/Soccer/STM32/Core/Src/main.c:312:13:MX_ADC1_Init	3
/home/arhan/Soccer/STM32/Core/Src/main.c:359:13:MX_ADC2_Init	3
/home/arhan/Soccer/STM32/Core/Src/main.c:406:13:MX_I2C2_Init	2
/home/arhan/Soccer/STM32/Core/Src/main.c:440:13:MX_TIM1_Init	8
/home/arhan/Soccer/STM32/Core/Src/main.c:519:13:MX_TIM2_Init	4
/home/arhan/Soccer/STM32/Core/Src/main.c:564:13:MX_TIM4_Init	4
/home/arhan/Soccer/STM32/Core/Src/main.c:613:13:MX_GPIO_Init	1
/home/arhan/Soccer/STM32/Core/Src/main.c:691:6:Error_Handler	1
