/home/arhan/Soccer/STM32/Core/Src/main.c:89:13:service_kick_cooldown	8	static
/home/arhan/Soccer/STM32/Core/Src/main.c:102:6:HAL_I2C_ListenCpltCallback	16	static
/home/arhan/Soccer/STM32/Core/Src/main.c:108:6:HAL_I2C_AddrCallback	32	static,ignoring_inline_asm
/home/arhan/Soccer/STM32/Core/Src/main.c:123:6:HAL_I2C_SlaveRxCpltCallback	16	static
/home/arhan/Soccer/STM32/Core/Src/main.c:138:6:HAL_ADC_ConvCpltCallback	32	static,ignoring_inline_asm
/home/arhan/Soccer/STM32/Core/Src/main.c:210:5:main	16	static
/home/arhan/Soccer/STM32/Core/Src/main.c:291:6:SystemClock_Config	88	static
/home/arhan/Soccer/STM32/Core/Src/main.c:335:13:MX_ADC1_Init	24	static
/home/arhan/Soccer/STM32/Core/Src/main.c:382:13:MX_ADC2_Init	24	static
/home/arhan/Soccer/STM32/Core/Src/main.c:429:13:MX_I2C2_Init	8	static
/home/arhan/Soccer/STM32/Core/Src/main.c:463:13:MX_TIM1_Init	96	static
/home/arhan/Soccer/STM32/Core/Src/main.c:542:13:MX_TIM2_Init	32	static
/home/arhan/Soccer/STM32/Core/Src/main.c:587:13:MX_TIM4_Init	48	static
/home/arhan/Soccer/STM32/Core/Src/main.c:636:13:MX_GPIO_Init	48	static
/home/arhan/Soccer/STM32/Core/Src/main.c:714:6:Error_Handler	4	static,ignoring_inline_asm
